// Jest Snapshot v1, https://goo.gl/fbAQLP

exports[`infrastructure > adapters > Config When importing config then should match snapshot 1`] = `
{
  "BODY_SIZE_LIMIT": "50mb",
  "SERVER_HOST": "localhost",
  "SERVER_PORT": 3000,
  "SERVER_SSL": false,
  "SERVER_SSL_CERT_PATH": undefined,
  "SERVER_SSL_PRIVATE_KEY_PATH": undefined,
}
`;
